Archive member included to satisfy reference by file (symbol)

/opt/st/stm32cubeide_1.10.1/plugins/com.st.stm32cube.ide.mcu.externaltools.gnu-tools-for-stm32.10.3-2021.10.linux64_1.0.0.202111181127/tools/bin/../lib/gcc/arm-none-eabi/10.3.1/../../../../arm-none-eabi/lib/thumb/v7e-m+fp/hard/libc_nano.a(lib_a-errno.o)
                              ./Core/Src/syscalls.o (__errno)
/opt/st/stm32cubeide_1.10.1/plugins/com.st.stm32cube.ide.mcu.externaltools.gnu-tools-for-stm32.10.3-2021.10.linux64_1.0.0.202111181127/tools/bin/../lib/gcc/arm-none-eabi/10.3.1/../../../../arm-none-eabi/lib/thumb/v7e-m+fp/hard/libc_nano.a(lib_a-exit.o)
                              /opt/st/stm32cubeide_1.10.1/plugins/com.st.stm32cube.ide.mcu.externaltools.gnu-tools-for-stm32.10.3-2021.10.linux64_1.0.0.202111181127/tools/bin/../lib/gcc/arm-none-eabi/10.3.1/../../../../arm-none-eabi/lib/thumb/v7e-m+fp/hard/crt0.o (exit)
/opt/st/stm32cubeide_1.10.1/plugins/com.st.stm32cube.ide.mcu.externaltools.gnu-tools-for-stm32.10.3-2021.10.linux64_1.0.0.202111181127/tools/bin/../lib/gcc/arm-none-eabi/10.3.1/../../../../arm-none-eabi/lib/thumb/v7e-m+fp/hard/libc_nano.a(lib_a-impure.o)
                              /opt/st/stm32cubeide_1.10.1/plugins/com.st.stm32cube.ide.mcu.externaltools.gnu-tools-for-stm32.10.3-2021.10.linux64_1.0.0.202111181127/tools/bin/../lib/gcc/arm-none-eabi/10.3.1/../../../../arm-none-eabi/lib/thumb/v7e-m+fp/hard/libc_nano.a(lib_a-exit.o) (_global_impure_ptr)
/opt/st/stm32cubeide_1.10.1/plugins/com.st.stm32cube.ide.mcu.externaltools.gnu-tools-for-stm32.10.3-2021.10.linux64_1.0.0.202111181127/tools/bin/../lib/gcc/arm-none-eabi/10.3.1/../../../../arm-none-eabi/lib/thumb/v7e-m+fp/hard/libc_nano.a(lib_a-init.o)
                              /opt/st/stm32cubeide_1.10.1/plugins/com.st.stm32cube.ide.mcu.externaltools.gnu-tools-for-stm32.10.3-2021.10.linux64_1.0.0.202111181127/tools/bin/../lib/gcc/arm-none-eabi/10.3.1/../../../../arm-none-eabi/lib/thumb/v7e-m+fp/hard/crt0.o (__libc_init_array)
/opt/st/stm32cubeide_1.10.1/plugins/com.st.stm32cube.ide.mcu.externaltools.gnu-tools-for-stm32.10.3-2021.10.linux64_1.0.0.202111181127/tools/bin/../lib/gcc/arm-none-eabi/10.3.1/../../../../arm-none-eabi/lib/thumb/v7e-m+fp/hard/libc_nano.a(lib_a-memset.o)
                              /opt/st/stm32cubeide_1.10.1/plugins/com.st.stm32cube.ide.mcu.externaltools.gnu-tools-for-stm32.10.3-2021.10.linux64_1.0.0.202111181127/tools/bin/../lib/gcc/arm-none-eabi/10.3.1/../../../../arm-none-eabi/lib/thumb/v7e-m+fp/hard/crt0.o (memset)
/opt/st/stm32cubeide_1.10.1/plugins/com.st.stm32cube.ide.mcu.externaltools.gnu-tools-for-stm32.10.3-2021.10.linux64_1.0.0.202111181127/tools/bin/../lib/gcc/arm-none-eabi/10.3.1/thumb/v7e-m+fp/hard/libgcc.a(_aeabi_uldivmod.o)
                              ./Drivers/STM32F4xx_HAL_Driver/Src/stm32f4xx_hal_rcc.o (__aeabi_uldivmod)
/opt/st/stm32cubeide_1.10.1/plugins/com.st.stm32cube.ide.mcu.externaltools.gnu-tools-for-stm32.10.3-2021.10.linux64_1.0.0.202111181127/tools/bin/../lib/gcc/arm-none-eabi/10.3.1/thumb/v7e-m+fp/hard/libgcc.a(_udivmoddi4.o)
                              /opt/st/stm32cubeide_1.10.1/plugins/com.st.stm32cube.ide.mcu.externaltools.gnu-tools-for-stm32.10.3-2021.10.linux64_1.0.0.202111181127/tools/bin/../lib/gcc/arm-none-eabi/10.3.1/thumb/v7e-m+fp/hard/libgcc.a(_aeabi_uldivmod.o) (__udivmoddi4)
/opt/st/stm32cubeide_1.10.1/plugins/com.st.stm32cube.ide.mcu.externaltools.gnu-tools-for-stm32.10.3-2021.10.linux64_1.0.0.202111181127/tools/bin/../lib/gcc/arm-none-eabi/10.3.1/thumb/v7e-m+fp/hard/libgcc.a(_dvmd_tls.o)
                              /opt/st/stm32cubeide_1.10.1/plugins/com.st.stm32cube.ide.mcu.externaltools.gnu-tools-for-stm32.10.3-2021.10.linux64_1.0.0.202111181127/tools/bin/../lib/gcc/arm-none-eabi/10.3.1/thumb/v7e-m+fp/hard/libgcc.a(_aeabi_uldivmod.o) (__aeabi_ldiv0)

Discarded input sections

 .text          0x0000000000000000        0x0 /opt/st/stm32cubeide_1.10.1/plugins/com.st.stm32cube.ide.mcu.externaltools.gnu-tools-for-stm32.10.3-2021.10.linux64_1.0.0.202111181127/tools/bin/../lib/gcc/arm-none-eabi/10.3.1/thumb/v7e-m+fp/hard/crti.o
 .data          0x0000000000000000        0x0 /opt/st/stm32cubeide_1.10.1/plugins/com.st.stm32cube.ide.mcu.externaltools.gnu-tools-for-stm32.10.3-2021.10.linux64_1.0.0.202111181127/tools/bin/../lib/gcc/arm-none-eabi/10.3.1/thumb/v7e-m+fp/hard/crti.o
 .bss           0x0000000000000000        0x0 /opt/st/stm32cubeide_1.10.1/plugins/com.st.stm32cube.ide.mcu.externaltools.gnu-tools-for-stm32.10.3-2021.10.linux64_1.0.0.202111181127/tools/bin/../lib/gcc/arm-none-eabi/10.3.1/thumb/v7e-m+fp/hard/crti.o
 .data          0x0000000000000000        0x4 /opt/st/stm32cubeide_1.10.1/plugins/com.st.stm32cube.ide.mcu.externaltools.gnu-tools-for-stm32.10.3-2021.10.linux64_1.0.0.202111181127/tools/bin/../lib/gcc/arm-none-eabi/10.3.1/thumb/v7e-m+fp/hard/crtbegin.o
[...]
Memory Configuration

Name             Origin             Length             Attributes
CCMRAM           0x0000000010000000 0x0000000000010000 xrw
RAM              0x0000000020000000 0x0000000000030000 xrw
FLASH            0x0000000008000000 0x0000000000200000 xr
*default*        0x0000000000000000 0xffffffffffffffff

Linker script and memory map

LOAD /opt/st/stm32cubeide_1.10.1/plugins/com.st.stm32cube.ide.mcu.externaltools.gnu-tools-for-stm32.10.3-2021.10.linux64_1.0.0.202111181127/tools/bin/../lib/gcc/arm-none-eabi/10.3.1/thumb/v7e-m+fp/hard/crti.o
LOAD /opt/st/stm32cubeide_1.10.1/plugins/com.st.stm32cube.ide.mcu.externaltools.gnu-tools-for-stm32.10.3-2021.10.linux64_1.0.0.202111181127/tools/bin/../lib/gcc/arm-none-eabi/10.3.1/thumb/v7e-m+fp/hard/crtbegin.o
LOAD /opt/st/stm32cubeide_1.10.1/plugins/com.st.stm32cube.ide.mcu.externaltools.gnu-tools-for-stm32.10.3-2021.10.linux64_1.0.0.202111181127/tools/bin/../lib/gcc/arm-none-eabi/10.3.1/../../../../arm-none-eabi/lib/thumb/v7e-m+fp/hard/crt0.o
LOAD ./Core/Src/asm_func.o
LOAD ./Core/Src/main.o
LOAD ./Core/Src/stm32f4xx_hal_msp.o
LOAD ./Core/Src/stm32f4xx_it.o
LOAD ./Core/Src/syscalls.o
LOAD ./Core/Src/sysmem.o
LOAD ./Core/Src/system_stm32f4xx.o
LOAD ./Core/Startup/startup_stm32f429zitx.o
LOAD ./Drivers/STM32F4xx_HAL_Driver/Src/stm32f4xx_hal.o
LOAD ./Drivers/STM32F4xx_HAL_Driver/Src/stm32f4xx_hal_cortex.o
LOAD ./Drivers/STM32F4xx_HAL_Driver/Src/stm32f4xx_hal_dma.o
LOAD ./Drivers/STM32F4xx_HAL_Driver/Src/stm32f4xx_hal_dma_ex.o
LOAD ./Drivers/STM32F4xx_HAL_Driver/Src/stm32f4xx_hal_eth.o
LOAD ./Drivers/STM32F4xx_HAL_Driver/Src/stm32f4xx_hal_exti.o
LOAD ./Drivers/STM32F4xx_HAL_Driver/Src/stm32f4xx_hal_flash.o
LOAD ./Drivers/STM32F4xx_HAL_Driver/Src/stm32f4xx_hal_flash_ex.o
LOAD ./Drivers/STM32F4xx_HAL_Driver/Src/stm32f4xx_hal_flash_ramfunc.o
LOAD ./Drivers/STM32F4xx_HAL_Driver/Src/stm32f4xx_hal_gpio.o
LOAD ./Drivers/STM32F4xx_HAL_Driver/Src/stm32f4xx_hal_pcd.o
LOAD ./Drivers/STM32F4xx_HAL_Driver/Src/stm32f4xx_hal_pcd_ex.o
LOAD ./Drivers/STM32F4xx_HAL_Driver/Src/stm32f4xx_hal_pwr.o
LOAD ./Drivers/STM32F4xx_HAL_Driver/Src/stm32f4xx_hal_pwr_ex.o
LOAD ./Drivers/STM32F4xx_HAL_Driver/Src/stm32f4xx_hal_rcc.o
LOAD ./Drivers/STM32F4xx_HAL_Driver/Src/stm32f4xx_hal_rcc_ex.o
LOAD ./Drivers/STM32F4xx_HAL_Driver/Src/stm32f4xx_hal_tim.o
LOAD ./Drivers/STM32F4xx_HAL_Driver/Src/stm32f4xx_hal_tim_ex.o
LOAD ./Drivers/STM32F4xx_HAL_Driver/Src/stm32f4xx_hal_uart.o
LOAD ./Drivers/STM32F4xx_HAL_Driver/Src/stm32f4xx_ll_usb.o
START GROUP
LOAD /opt/st/stm32cubeide_1.10.1/plugins/com.st.stm32cube.ide.mcu.externaltools.gnu-tools-for-stm32.10.3-2021.10.linux64_1.0.0.202111181127/tools/bin/../lib/gcc/arm-none-eabi/10.3.1/../../../../arm-none-eabi/lib/thumb/v7e-m+fp/hard/libc_nano.a
LOAD /opt/st/stm32cubeide_1.10.1/plugins/com.st.stm32cube.ide.mcu.externaltools.gnu-tools-for-stm32.10.3-2021.10.linux64_1.0.0.202111181127/tools/bin/../lib/gcc/arm-none-eabi/10.3.1/../../../../arm-none-eabi/lib/thumb/v7e-m+fp/hard/libm.a
END GROUP
START GROUP
LOAD /opt/st/stm32cubeide_1.10.1/plugins/com.st.stm32cube.ide.mcu.externaltools.gnu-tools-for-stm32.10.3-2021.10.linux64_1.0.0.202111181127/tools/bin/../lib/gcc/arm-none-eabi/10.3.1/thumb/v7e-m+fp/hard/libgcc.a
LOAD /opt/st/stm32cubeide_1.10.1/plugins/com.st.stm32cube.ide.mcu.externaltools.gnu-tools-for-stm32.10.3-2021.10.linux64_1.0.0.202111181127/tools/bin/../lib/gcc/arm-none-eabi/10.3.1/../../../../arm-none-eabi/lib/thumb/v7e-m+fp/hard/libc_nano.a
END GROUP
START GROUP
LOAD /opt/st/stm32cubeide_1.10.1/plugins/com.st.stm32cube.ide.mcu.externaltools.gnu-tools-for-stm32.10.3-2021.10.linux64_1.0.0.202111181127/tools/bin/../lib/gcc/arm-none-eabi/10.3.1/thumb/v7e-m+fp/hard/libgcc.a
LOAD /opt/st/stm32cubeide_1.10.1/plugins/com.st.stm32cube.ide.mcu.externaltools.gnu-tools-for-stm32.10.3-2021.10.linux64_1.0.0.202111181127/tools/bin/../lib/gcc/arm-none-eabi/10.3.1/../../../../arm-none-eabi/lib/thumb/v7e-m+fp/hard/libc_nano.a
LOAD /opt/st/stm32cubeide_1.10.1/plugins/com.st.stm32cube.ide.mcu.externaltools.gnu-tools-for-stm32.10.3-2021.10.linux64_1.0.0.202111181127/tools/bin/../lib/gcc/arm-none-eabi/10.3.1/../../../../arm-none-eabi/lib/thumb/v7e-m+fp/hard/libnosys.a
END GROUP
START GROUP
LOAD /opt/st/stm32cubeide_1.10.1/plugins/com.st.stm32cube.ide.mcu.externaltools.gnu-tools-for-stm32.10.3-2021.10.linux64_1.0.0.202111181127/tools/bin/../lib/gcc/arm-none-eabi/10.3.1/thumb/v7e-m+fp/hard/libgcc.a
LOAD /opt/st/stm32cubeide_1.10.1/plugins/com.st.stm32cube.ide.mcu.externaltools.gnu-tools-for-stm32.10.3-2021.10.linux64_1.0.0.202111181127/tools/bin/../lib/gcc/arm-none-eabi/10.3.1/../../../../arm-none-eabi/lib/thumb/v7e-m+fp/hard/libc_nano.a
LOAD /opt/st/stm32cubeide_1.10.1/plugins/com.st.stm32cube.ide.mcu.externaltools.gnu-tools-for-stm32.10.3-2021.10.linux64_1.0.0.202111181127/tools/bin/../lib/gcc/arm-none-eabi/10.3.1/../../../../arm-none-eabi/lib/thumb/v7e-m+fp/hard/libnosys.a
END GROUP
LOAD /opt/st/stm32cubeide_1.10.1/plugins/com.st.stm32cube.ide.mcu.externaltools.gnu-tools-for-stm32.10.3-2021.10.linux64_1.0.0.202111181127/tools/bin/../lib/gcc/arm-none-eabi/10.3.1/thumb/v7e-m+fp/hard/crtend.o
LOAD /opt/st/stm32cubeide_1.10.1/plugins/com.st.stm32cube.ide.mcu.externaltools.gnu-tools-for-stm32.10.3-2021.10.linux64_1.0.0.202111181127/tools/bin/../lib/gcc/arm-none-eabi/10.3.1/thumb/v7e-m+fp/hard/crtn.o
                0x0000000020030000                _estack = (ORIGIN (RAM) + LENGTH (RAM))
                0x0000000000000200                _Min_Heap_Size = 0x200
                0x0000000000000400                _Min_Stack_Size = 0x400

.isr_vector     0x0000000008000000      0x1ac
                0x0000000008000000                . = ALIGN (0x4)
 *(.isr_vector)
 .isr_vector    0x0000000008000000      0x1ac ./Core/Startup/startup_stm32f429zitx.o
                0x0000000008000000                g_pfnVectors
                0x00000000080001ac                . = ALIGN (0x4)

.text           0x00000000080001ac     0x317c
                0x00000000080001ac                . = ALIGN (0x4)
 *(.text)
 .text          0x00000000080001ac       0x40 /opt/st/stm32cubeide_1.10.1/plugins/com.st.stm32cube.ide.mcu.externaltools.gnu-tools-for-stm32.10.3-2021.10.linux64_1.0.0.202111181127/tools/bin/../lib/gcc/arm-none-eabi/10.3.1/thumb/v7e-m+fp/hard/crtbegin.o
 .text          0x00000000080001ec       0x94 ./Core/Src/asm_func.o
                0x00000000080001ec                asm_svc
                0x00000000080001f0                asm_sum
                0x00000000080001f4                asm_zeros
                0x0000000008000204                asm_productoEscalar32
                0x000000000800021e                asm_productoEscalar16
                0x0000000008000238                asm_productoEscalar12
                0x0000000008000260                asm_filtroVentana10
                0x0000000008000266                asm_pack32to16
 .text          0x0000000008000280       0x30 /opt/st/stm32cubeide_1.10.1/plugins/com.st.stm32cube.ide.mcu.externaltools.gnu-tools-for-stm32.10.3-2021.10.linux64_1.0.0.202111181127/tools/bin/../lib/gcc/arm-none-eabi/10.3.1/thumb/v7e-m+fp/hard/libgcc.a(_aeabi_uldivmod.o)
                0x0000000008000280                __aeabi_uldivmod
 .text          0x00000000080002b0      0x2d0 /opt/st/stm32cubeide_1.10.1/plugins/com.st.stm32cube.ide.mcu.externaltools.gnu-tools-for-stm32.10.3-2021.10.linux64_1.0.0.202111181127/tools/bin/../lib/gcc/arm-none-eabi/10.3.1/thumb/v7e-m+fp/hard/libgcc.a(_udivmoddi4.o)
                0x00000000080002b0                __udivmoddi4
 .text          0x0000000008000580        0x4 /opt/st/stm32cubeide_1.10.1/plugins/com.st.stm32cube.ide.mcu.externaltools.gnu-tools-for-stm32.10.3-2021.10.linux64_1.0.0.202111181127/tools/bin/../lib/gcc/arm-none-eabi/10.3.1/thumb/v7e-m+fp/hard/libgcc.a(_dvmd_tls.o)
                0x0000000008000580                __aeabi_ldiv0
                0x0000000008000580                __aeabi_idiv0
 *(.text*)
 .text.PrivilegiosSVC
                0x0000000008000584       0x62 ./Core/Src/main.o
 *fill*         0x00000000080005e6        0x2 
 .text.main     0x00000000080005e8       0xd0 ./Core/Src/main.o
                0x00000000080005e8                main
 .text.SystemClock_Config
                0x00000000080006b8       0xd4 ./Core/Src/main.o
                0x00000000080006b8                SystemClock_Config
 .text.MX_ETH_Init
                0x000000000800078c       0x9c ./Core/Src/main.o
 .text.MX_USART3_UART_Init
                0x0000000008000828       0x54 ./Core/Src/main.o
 .text.MX_USB_OTG_FS_PCD_Init
                0x000000000800087c       0x5c ./Core/Src/main.o
 .text.MX_GPIO_Init
                0x00000000080008d8      0x15c ./Core/Src/main.o
 .text.Error_Handler
                0x0000000008000a34        0xa ./Core/Src/main.o
                0x0000000008000a34                Error_Handler
 *fill*         0x0000000008000a3e        0x2 
 .text.filtroVentana10
                0x0000000008000a40       0xc8 ./Core/Src/main.o
                0x0000000008000a40                filtroVentana10
 .text.HAL_MspInit
                0x0000000008000b08       0x50 ./Core/Src/stm32f4xx_hal_msp.o
                0x0000000008000b08                HAL_MspInit
 .text.HAL_ETH_MspInit
                0x0000000008000b58      0x18c ./Core/Src/stm32f4xx_hal_msp.o
                0x0000000008000b58                HAL_ETH_MspInit
 .text.HAL_UART_MspInit
                0x0000000008000ce4       0x90 ./Core/Src/stm32f4xx_hal_msp.o
                0x0000000008000ce4                HAL_UART_MspInit
 .text.HAL_PCD_MspInit
                0x0000000008000d74       0xb4 ./Core/Src/stm32f4xx_hal_msp.o
                0x0000000008000d74                HAL_PCD_MspInit
 .text.NMI_Handler
                0x0000000008000e28        0x6 ./Core/Src/stm32f4xx_it.o
                0x0000000008000e28                NMI_Handler
 .text.HardFault_Handler
                0x0000000008000e2e        0x6 ./Core/Src/stm32f4xx_it.o
                0x0000000008000e2e                HardFault_Handler
 .text.MemManage_Handler
                0x0000000008000e34        0x6 ./Core/Src/stm32f4xx_it.o
                0x0000000008000e34                MemManage_Handler
 .text.BusFault_Handler
                0x0000000008000e3a        0x6 ./Core/Src/stm32f4xx_it.o
                0x0000000008000e3a                BusFault_Handler
 .text.UsageFault_Handler
                0x0000000008000e40        0x6 ./Core/Src/stm32f4xx_it.o
                0x0000000008000e40                UsageFault_Handler
 .text.SVC_Handler
                0x0000000008000e46       0x30 ./Core/Src/stm32f4xx_it.o
                0x0000000008000e46                SVC_Handler
 .text.DebugMon_Handler
                0x0000000008000e76        0xe ./Core/Src/stm32f4xx_it.o
                0x0000000008000e76                DebugMon_Handler
 .text.PendSV_Handler
                0x0000000008000e84        0xe ./Core/Src/stm32f4xx_it.o
                0x0000000008000e84                PendSV_Handler
 .text.SysTick_Handler
                0x0000000008000e92        0xc ./Core/Src/stm32f4xx_it.o
                0x0000000008000e92                SysTick_Handler
 *fill*         0x0000000008000e9e        0x2 
 .text.SystemInit
                0x0000000008000ea0       0x24 ./Core/Src/system_stm32f4xx.o
                0x0000000008000ea0                SystemInit
 .text.Reset_Handler
                0x0000000008000ec4       0x54 ./Core/Startup/startup_stm32f429zitx.o
                0x0000000008000ec4                Reset_Handler
 .text.Default_Handler
                0x0000000008000f18        0x2 ./Core/Startup/startup_stm32f429zitx.o
                0x0000000008000f18                RTC_Alarm_IRQHandler
                0x0000000008000f18                HASH_RNG_IRQHandler
                0x0000000008000f18                EXTI2_IRQHandler
                0x0000000008000f18                TIM8_CC_IRQHandler
                0x0000000008000f18                UART8_IRQHandler
                0x0000000008000f18                SPI4_IRQHandler
                0x0000000008000f18                TIM1_CC_IRQHandler
                0x0000000008000f18                DMA2_Stream5_IRQHandler
                0x0000000008000f18                DMA1_Stream5_IRQHandler
                0x0000000008000f18                PVD_IRQHandler
                0x0000000008000f18                SDIO_IRQHandler
                0x0000000008000f18                TAMP_STAMP_IRQHandler
                0x0000000008000f18                CAN2_RX1_IRQHandler
                0x0000000008000f18                EXTI3_IRQHandler
                0x0000000008000f18                TIM8_TRG_COM_TIM14_IRQHandler
                0x0000000008000f18                TIM1_UP_TIM10_IRQHandler
                0x0000000008000f18                TIM8_UP_TIM13_IRQHandler
                0x0000000008000f18                I2C3_ER_IRQHandler
                0x0000000008000f18                EXTI0_IRQHandler
                0x0000000008000f18                I2C2_EV_IRQHandler
                0x0000000008000f18                DMA1_Stream2_IRQHandler
                0x0000000008000f18                CAN1_RX0_IRQHandler
                0x0000000008000f18                FPU_IRQHandler
                0x0000000008000f18                OTG_HS_WKUP_IRQHandler
                0x0000000008000f18                LTDC_ER_IRQHandler
                0x0000000008000f18                CAN2_SCE_IRQHandler
                0x0000000008000f18                DMA2_Stream2_IRQHandler
                0x0000000008000f18                SPI1_IRQHandler
                0x0000000008000f18                TIM6_DAC_IRQHandler
                0x0000000008000f18                TIM1_BRK_TIM9_IRQHandler
                0x0000000008000f18                DCMI_IRQHandler
                0x0000000008000f18                CAN2_RX0_IRQHandler
                0x0000000008000f18                DMA2_Stream3_IRQHandler
                0x0000000008000f18                USART6_IRQHandler
                0x0000000008000f18                USART3_IRQHandler
                0x0000000008000f18                CAN1_RX1_IRQHandler
                0x0000000008000f18                UART5_IRQHandler
                0x0000000008000f18                DMA2_Stream0_IRQHandler
                0x0000000008000f18                TIM4_IRQHandler
                0x0000000008000f18                I2C1_EV_IRQHandler
                0x0000000008000f18                DMA1_Stream6_IRQHandler
                0x0000000008000f18                DMA1_Stream1_IRQHandler
                0x0000000008000f18                UART4_IRQHandler
                0x0000000008000f18                TIM3_IRQHandler
                0x0000000008000f18                RCC_IRQHandler
                0x0000000008000f18                TIM8_BRK_TIM12_IRQHandler
                0x0000000008000f18                Default_Handler
                0x0000000008000f18                EXTI15_10_IRQHandler
                0x0000000008000f18                ADC_IRQHandler
                0x0000000008000f18                DMA1_Stream7_IRQHandler
                0x0000000008000f18                SPI5_IRQHandler
                0x0000000008000f18                TIM7_IRQHandler
                0x0000000008000f18                CAN2_TX_IRQHandler
                0x0000000008000f18                TIM5_IRQHandler
                0x0000000008000f18                DMA2_Stream7_IRQHandler
                0x0000000008000f18                I2C3_EV_IRQHandler
                0x0000000008000f18                EXTI9_5_IRQHandler
                0x0000000008000f18                RTC_WKUP_IRQHandler
                0x0000000008000f18                LTDC_IRQHandler
                0x0000000008000f18                ETH_WKUP_IRQHandler
                0x0000000008000f18                SPI2_IRQHandler
                0x0000000008000f18                OTG_HS_EP1_IN_IRQHandler
                0x0000000008000f18                DMA1_Stream0_IRQHandler
                0x0000000008000f18                CAN1_TX_IRQHandler
                0x0000000008000f18                EXTI4_IRQHandler
                0x0000000008000f18                ETH_IRQHandler
                0x0000000008000f18                OTG_HS_EP1_OUT_IRQHandler
                0x0000000008000f18                WWDG_IRQHandler
                0x0000000008000f18                SPI6_IRQHandler
                0x0000000008000f18                TIM2_IRQHandler
                0x0000000008000f18                OTG_FS_WKUP_IRQHandler
                0x0000000008000f18                TIM1_TRG_COM_TIM11_IRQHandler
                0x0000000008000f18                OTG_HS_IRQHandler
                0x0000000008000f18                DMA2D_IRQHandler
                0x0000000008000f18                EXTI1_IRQHandler
                0x0000000008000f18                UART7_IRQHandler
                0x0000000008000f18                USART2_IRQHandler
                0x0000000008000f18                I2C2_ER_IRQHandler
                0x0000000008000f18                DMA2_Stream1_IRQHandler
                0x0000000008000f18                CAN1_SCE_IRQHandler
                0x0000000008000f18                FLASH_IRQHandler
                0x0000000008000f18                DMA2_Stream4_IRQHandler
                0x0000000008000f18                USART1_IRQHandler
                0x0000000008000f18                OTG_FS_IRQHandler
                0x0000000008000f18                SPI3_IRQHandler
                0x0000000008000f18                DMA1_Stream4_IRQHandler
                0x0000000008000f18                I2C1_ER_IRQHandler
                0x0000000008000f18                FMC_IRQHandler
                0x0000000008000f18                DMA2_Stream6_IRQHandler
                0x0000000008000f18                SAI1_IRQHandler
                0x0000000008000f18                DMA1_Stream3_IRQHandler
 *fill*         0x0000000008000f1a        0x2 
 .text.HAL_Init
                0x0000000008000f1c       0x44 ./Drivers/STM32F4xx_HAL_Driver/Src/stm32f4xx_hal.o
                0x0000000008000f1c                HAL_Init
 .text.HAL_InitTick
                0x0000000008000f60       0x60 ./Drivers/STM32F4xx_HAL_Driver/Src/stm32f4xx_hal.o
                0x0000000008000f60                HAL_InitTick
 .text.HAL_IncTick
                0x0000000008000fc0       0x28 ./Drivers/STM32F4xx_HAL_Driver/Src/stm32f4xx_hal.o
                0x0000000008000fc0                HAL_IncTick
 .text.HAL_GetTick
                0x0000000008000fe8       0x18 ./Drivers/STM32F4xx_HAL_Driver/Src/stm32f4xx_hal.o
                0x0000000008000fe8                HAL_GetTick
 .text.HAL_Delay
                0x0000000008001000       0x48 ./Drivers/STM32F4xx_HAL_Driver/Src/stm32f4xx_hal.o
                0x0000000008001000                HAL_Delay
 .text.__NVIC_SetPriorityGrouping
                0x0000000008001048       0x48 ./Drivers/STM32F4xx_HAL_Driver/Src/stm32f4xx_hal_cortex.o
 .text.__NVIC_GetPriorityGrouping
                0x0000000008001090       0x1c ./Drivers/STM32F4xx_HAL_Driver/Src/stm32f4xx_hal_cortex.o
 .text.__NVIC_SetPriority
                0x00000000080010ac       0x54 ./Drivers/STM32F4xx_HAL_Driver/Src/stm32f4xx_hal_cortex.o
 .text.NVIC_EncodePriority
                0x0000000008001100       0x66 ./Drivers/STM32F4xx_HAL_Driver/Src/stm32f4xx_hal_cortex.o
 *fill*         0x0000000008001166        0x2 
 .text.SysTick_Config
                0x0000000008001168       0x44 ./Drivers/STM32F4xx_HAL_Driver/Src/stm32f4xx_hal_cortex.o
 .text.HAL_NVIC_SetPriorityGrouping
                0x00000000080011ac       0x16 ./Drivers/STM32F4xx_HAL_Driver/Src/stm32f4xx_hal_cortex.o
                0x00000000080011ac                HAL_NVIC_SetPriorityGrouping
 .text.HAL_NVIC_SetPriority
                0x00000000080011c2       0x38 ./Drivers/STM32F4xx_HAL_Driver/Src/stm32f4xx_hal_cortex.o
                0x00000000080011c2                HAL_NVIC_SetPriority
 .text.HAL_SYSTICK_Config
                0x00000000080011fa       0x18 ./Drivers/STM32F4xx_HAL_Driver/Src/stm32f4xx_hal_cortex.o
                0x00000000080011fa                HAL_SYSTICK_Config
 *fill*         0x0000000008001212        0x2 
 .text.HAL_ETH_Init
                0x0000000008001214       0xfc ./Drivers/STM32F4xx_HAL_Driver/Src/stm32f4xx_hal_eth.o
                0x0000000008001214                HAL_ETH_Init
 .text.ETH_SetMACConfig
                0x0000000008001310      0x138 ./Drivers/STM32F4xx_HAL_Driver/Src/stm32f4xx_hal_eth.o
 .text.ETH_SetDMAConfig
                0x0000000008001448      0x114 ./Drivers/STM32F4xx_HAL_Driver/Src/stm32f4xx_hal_eth.o
 .text.ETH_MACDMAConfig
                0x000000000800155c       0xe4 ./Drivers/STM32F4xx_HAL_Driver/Src/stm32f4xx_hal_eth.o
 .text.ETH_MACAddressConfig
                0x0000000008001640       0x70 ./Drivers/STM32F4xx_HAL_Driver/Src/stm32f4xx_hal_eth.o
 .text.ETH_DMATxDescListInit
                0x00000000080016b0       0xb2 ./Drivers/STM32F4xx_HAL_Driver/Src/stm32f4xx_hal_eth.o
 .text.ETH_DMARxDescListInit
                0x0000000008001762       0xda ./Drivers/STM32F4xx_HAL_Driver/Src/stm32f4xx_hal_eth.o
 .text.HAL_GPIO_Init
                0x000000000800183c      0x358 ./Drivers/STM32F4xx_HAL_Driver/Src/stm32f4xx_hal_gpio.o
                0x000000000800183c                HAL_GPIO_Init
 .text.HAL_GPIO_WritePin
                0x0000000008001b94       0x32 ./Drivers/STM32F4xx_HAL_Driver/Src/stm32f4xx_hal_gpio.o
                0x0000000008001b94                HAL_GPIO_WritePin
 .text.HAL_PCD_Init
                0x0000000008001bc6      0x23a ./Drivers/STM32F4xx_HAL_Driver/Src/stm32f4xx_hal_pcd.o
                0x0000000008001bc6                HAL_PCD_Init
 .text.HAL_RCC_OscConfig
                0x0000000008001e00      0x4f0 ./Drivers/STM32F4xx_HAL_Driver/Src/stm32f4xx_hal_rcc.o
                0x0000000008001e00                HAL_RCC_OscConfig
 .text.HAL_RCC_ClockConfig
                0x00000000080022f0      0x1cc ./Drivers/STM32F4xx_HAL_Driver/Src/stm32f4xx_hal_rcc.o
                0x00000000080022f0                HAL_RCC_ClockConfig
 .text.HAL_RCC_GetSysClockFreq
                0x00000000080024bc      0x20c ./Drivers/STM32F4xx_HAL_Driver/Src/stm32f4xx_hal_rcc.o
                0x00000000080024bc                HAL_RCC_GetSysClockFreq
 .text.HAL_RCC_GetHCLKFreq
                0x00000000080026c8       0x18 ./Drivers/STM32F4xx_HAL_Driver/Src/stm32f4xx_hal_rcc.o
                0x00000000080026c8                HAL_RCC_GetHCLKFreq
 .text.HAL_RCC_GetPCLK1Freq
                0x00000000080026e0       0x28 ./Drivers/STM32F4xx_HAL_Driver/Src/stm32f4xx_hal_rcc.o
                0x00000000080026e0                HAL_RCC_GetPCLK1Freq
 .text.HAL_RCC_GetPCLK2Freq
                0x0000000008002708       0x28 ./Drivers/STM32F4xx_HAL_Driver/Src/stm32f4xx_hal_rcc.o
                0x0000000008002708                HAL_RCC_GetPCLK2Freq
 .text.HAL_UART_Init
                0x0000000008002730       0x9a ./Drivers/STM32F4xx_HAL_Driver/Src/stm32f4xx_hal_uart.o
                0x0000000008002730                HAL_UART_Init
 *fill*         0x00000000080027ca        0x2 
 .text.UART_SetConfig
                0x00000000080027cc      0x4e8 ./Drivers/STM32F4xx_HAL_Driver/Src/stm32f4xx_hal_uart.o
 .text.USB_CoreInit
                0x0000000008002cb4       0xc2 ./Drivers/STM32F4xx_HAL_Driver/Src/stm32f4xx_ll_usb.o
                0x0000000008002cb4                USB_CoreInit
 .text.USB_DisableGlobalInt
                0x0000000008002d76       0x22 ./Drivers/STM32F4xx_HAL_Driver/Src/stm32f4xx_ll_usb.o
                0x0000000008002d76                USB_DisableGlobalInt
 .text.USB_SetCurrentMode
                0x0000000008002d98       0x98 ./Drivers/STM32F4xx_HAL_Driver/Src/stm32f4xx_ll_usb.o
                0x0000000008002d98                USB_SetCurrentMode
 .text.USB_DevInit
                0x0000000008002e30      0x2c8 ./Drivers/STM32F4xx_HAL_Driver/Src/stm32f4xx_ll_usb.o
                0x0000000008002e30                USB_DevInit
 .text.USB_FlushTxFifo
                0x00000000080030f8       0x68 ./Drivers/STM32F4xx_HAL_Driver/Src/stm32f4xx_ll_usb.o
                0x00000000080030f8                USB_FlushTxFifo
 .text.USB_FlushRxFifo
                0x0000000008003160       0x60 ./Drivers/STM32F4xx_HAL_Driver/Src/stm32f4xx_ll_usb.o
                0x0000000008003160                USB_FlushRxFifo
 .text.USB_SetDevSpeed
                0x00000000080031c0       0x32 ./Drivers/STM32F4xx_HAL_Driver/Src/stm32f4xx_ll_usb.o
                0x00000000080031c0                USB_SetDevSpeed
 .text.USB_DevDisconnect
                0x00000000080031f2       0x42 ./Drivers/STM32F4xx_HAL_Driver/Src/stm32f4xx_ll_usb.o
                0x00000000080031f2                USB_DevDisconnect
 .text.USB_GetMode
                0x0000000008003234       0x1c ./Drivers/STM32F4xx_HAL_Driver/Src/stm32f4xx_ll_usb.o
                0x0000000008003234                USB_GetMode
 .text.USB_CoreReset
                0x0000000008003250       0x68 ./Drivers/STM32F4xx_HAL_Driver/Src/stm32f4xx_ll_usb.o
 .text.__libc_init_array
                0x00000000080032b8       0x48 /opt/st/stm32cubeide_1.10.1/plugins/com.st.stm32cube.ide.mcu.externaltools.gnu-tools-for-stm32.10.3-2021.10.linux64_1.0.0.202111181127/tools/bin/../lib/gcc/arm-none-eabi/10.3.1/../../../../arm-none-eabi/lib/thumb/v7e-m+fp/hard/libc_nano.a(lib_a-init.o)
                0x00000000080032b8                __libc_init_array
 .text.memset   0x0000000008003300       0x10 /opt/st/stm32cubeide_1.10.1/plugins/com.st.stm32cube.ide.mcu.externaltools.gnu-tools-for-stm32.10.3-2021.10.linux64_1.0.0.202111181127/tools/bin/../lib/gcc/arm-none-eabi/10.3.1/../../../../arm-none-eabi/lib/thumb/v7e-m+fp/hard/libc_nano.a(lib_a-memset.o)
                0x0000000008003300                memset
 *(.glue_7)
 .glue_7        0x0000000008003310        0x0 linker stubs
 *(.glue_7t)
 .glue_7t       0x0000000008003310        0x0 linker stubs
 *(.eh_frame)
 .eh_frame      0x0000000008003310        0x0 /opt/st/stm32cubeide_1.10.1/plugins/com.st.stm32cube.ide.mcu.externaltools.gnu-tools-for-stm32.10.3-2021.10.linux64_1.0.0.202111181127/tools/bin/../lib/gcc/arm-none-eabi/10.3.1/thumb/v7e-m+fp/hard/crtbegin.o
 *(.init)
 .init          0x0000000008003310        0x4 /opt/st/stm32cubeide_1.10.1/plugins/com.st.stm32cube.ide.mcu.externaltools.gnu-tools-for-stm32.10.3-2021.10.linux64_1.0.0.202111181127/tools/bin/../lib/gcc/arm-none-eabi/10.3.1/thumb/v7e-m+fp/hard/crti.o
                0x0000000008003310                _init
 .init          0x0000000008003314        0x8 /opt/st/stm32cubeide_1.10.1/plugins/com.st.stm32cube.ide.mcu.externaltools.gnu-tools-for-stm32.10.3-2021.10.linux64_1.0.0.202111181127/tools/bin/../lib/gcc/arm-none-eabi/10.3.1/thumb/v7e-m+fp/hard/crtn.o
 *(.fini)
 .fini          0x000000000800331c        0x4 /opt/st/stm32cubeide_1.10.1/plugins/com.st.stm32cube.ide.mcu.externaltools.gnu-tools-for-stm32.10.3-2021.10.linux64_1.0.0.202111181127/tools/bin/../lib/gcc/arm-none-eabi/10.3.1/thumb/v7e-m+fp/hard/crti.o
                0x000000000800331c                _fini
 .fini          0x0000000008003320        0x8 /opt/st/stm32cubeide_1.10.1/plugins/com.st.stm32cube.ide.mcu.externaltools.gnu-tools-for-stm32.10.3-2021.10.linux64_1.0.0.202111181127/tools/bin/../lib/gcc/arm-none-eabi/10.3.1/thumb/v7e-m+fp/hard/crtn.o
                0x0000000008003328                . = ALIGN (0x4)
                0x0000000008003328                _etext = .

.vfp11_veneer   0x0000000008003328        0x0
 .vfp11_veneer  0x0000000008003328        0x0 linker stubs

.v4_bx          0x0000000008003328        0x0
 .v4_bx         0x0000000008003328        0x0 linker stubs

.iplt           0x0000000008003328        0x0
 .iplt          0x0000000008003328        0x0 /opt/st/stm32cubeide_1.10.1/plugins/com.st.stm32cube.ide.mcu.externaltools.gnu-tools-for-stm32.10.3-2021.10.linux64_1.0.0.202111181127/tools/bin/../lib/gcc/arm-none-eabi/10.3.1/thumb/v7e-m+fp/hard/crtbegin.o

.rodata         0x0000000008003328       0x50
                0x0000000008003328                . = ALIGN (0x4)
 *(.rodata)
 .rodata        0x0000000008003328       0x38 ./Core/Src/main.o
 *(.rodata*)
 .rodata.AHBPrescTable
                0x0000000008003360       0x10 ./Core/Src/system_stm32f4xx.o
                0x0000000008003360                AHBPrescTable
 .rodata.APBPrescTable
                0x0000000008003370        0x8 ./Core/Src/system_stm32f4xx.o
                0x0000000008003370                APBPrescTable
                0x0000000008003378                . = ALIGN (0x4)

.ARM.extab      0x0000000008003378        0x0
                0x0000000008003378                . = ALIGN (0x4)
 *(.ARM.extab* .gnu.linkonce.armextab.*)
                0x0000000008003378                . = ALIGN (0x4)

.ARM            0x0000000008003378        0x8
                0x0000000008003378                . = ALIGN (0x4)
                0x0000000008003378                __exidx_start = .
 *(.ARM.exidx*)
 .ARM.exidx     0x0000000008003378        0x8 /opt/st/stm32cubeide_1.10.1/plugins/com.st.stm32cube.ide.mcu.externaltools.gnu-tools-for-stm32.10.3-2021.10.linux64_1.0.0.202111181127/tools/bin/../lib/gcc/arm-none-eabi/10.3.1/thumb/v7e-m+fp/hard/libgcc.a(_udivmoddi4.o)
                0x0000000008003380                __exidx_end = .
                0x0000000008003380                . = ALIGN (0x4)

.rel.dyn        0x0000000008003380        0x0
 .rel.iplt      0x0000000008003380        0x0 /opt/st/stm32cubeide_1.10.1/plugins/com.st.stm32cube.ide.mcu.externaltools.gnu-tools-for-stm32.10.3-2021.10.linux64_1.0.0.202111181127/tools/bin/../lib/gcc/arm-none-eabi/10.3.1/thumb/v7e-m+fp/hard/crtbegin.o

.preinit_array  0x0000000008003380        0x0
                0x0000000008003380                . = ALIGN (0x4)
                0x0000000008003380                PROVIDE (__preinit_array_start = .)
 *(.preinit_array*)
                0x0000000008003380                PROVIDE (__preinit_array_end = .)
                0x0000000008003380                . = ALIGN (0x4)

.init_array     0x0000000008003380        0x4
                0x0000000008003380                . = ALIGN (0x4)
                0x0000000008003380                PROVIDE (__init_array_start = .)
 *(SORT_BY_NAME(.init_array.*))
 *(.init_array*)
 .init_array    0x0000000008003380        0x4 /opt/st/stm32cubeide_1.10.1/plugins/com.st.stm32cube.ide.mcu.externaltools.gnu-tools-for-stm32.10.3-2021.10.linux64_1.0.0.202111181127/tools/bin/../lib/gcc/arm-none-eabi/10.3.1/thumb/v7e-m+fp/hard/crtbegin.o
                0x0000000008003384                PROVIDE (__init_array_end = .)
                0x0000000008003384                . = ALIGN (0x4)

.fini_array     0x0000000008003384        0x4
                0x0000000008003384                . = ALIGN (0x4)
                [!provide]                        PROVIDE (__fini_array_start = .)
 *(SORT_BY_NAME(.fini_array.*))
 *(.fini_array*)
 .fini_array    0x0000000008003384        0x4 /opt/st/stm32cubeide_1.10.1/plugins/com.st.stm32cube.ide.mcu.externaltools.gnu-tools-for-stm32.10.3-2021.10.linux64_1.0.0.202111181127/tools/bin/../lib/gcc/arm-none-eabi/10.3.1/thumb/v7e-m+fp/hard/crtbegin.o
                [!provide]                        PROVIDE (__fini_array_end = .)
                0x0000000008003388                . = ALIGN (0x4)
                0x0000000008003388                _sidata = LOADADDR (.data)

.data           0x0000000020000000        0xc load address 0x0000000008003388
                0x0000000020000000                . = ALIGN (0x4)
                0x0000000020000000                _sdata = .
 *(.data)
 *(.data*)
 .data.SystemCoreClock
                0x0000000020000000        0x4 ./Core/Src/system_stm32f4xx.o
                0x0000000020000000                SystemCoreClock
 .data.uwTickPrio
                0x0000000020000004        0x4 ./Drivers/STM32F4xx_HAL_Driver/Src/stm32f4xx_hal.o
                0x0000000020000004                uwTickPrio
 .data.uwTickFreq
                0x0000000020000008        0x1 ./Drivers/STM32F4xx_HAL_Driver/Src/stm32f4xx_hal.o
                0x0000000020000008                uwTickFreq
 *(.RamFunc)
 *(.RamFunc*)
                0x000000002000000c                . = ALIGN (0x4)
 *fill*         0x0000000020000009        0x3 
                0x000000002000000c                _edata = .
                0x0000000008003394                _siccmram = LOADADDR (.ccmram)

.igot.plt       0x000000002000000c        0x0 load address 0x0000000008003394
 .igot.plt      0x000000002000000c        0x0 /opt/st/stm32cubeide_1.10.1/plugins/com.st.stm32cube.ide.mcu.externaltools.gnu-tools-for-stm32.10.3-2021.10.linux64_1.0.0.202111181127/tools/bin/../lib/gcc/arm-none-eabi/10.3.1/thumb/v7e-m+fp/hard/crtbegin.o

.ccmram         0x0000000010000000        0x0 load address 0x0000000008003394
                0x0000000010000000                . = ALIGN (0x4)
                0x0000000010000000                _sccmram = .
 *(.ccmram)
 *(.ccmram*)
                0x0000000010000000                . = ALIGN (0x4)
                0x0000000010000000                _eccmram = .
                0x0000000010000000                . = ALIGN (0x4)

.bss            0x000000002000000c      0x7a0
                0x000000002000000c                _sbss = .
                0x000000002000000c                __bss_start__ = _sbss
 *(.bss)
 .bss           0x000000002000000c       0x1c /opt/st/stm32cubeide_1.10.1/plugins/com.st.stm32cube.ide.mcu.externaltools.gnu-tools-for-stm32.10.3-2021.10.linux64_1.0.0.202111181127/tools/bin/../lib/gcc/arm-none-eabi/10.3.1/thumb/v7e-m+fp/hard/crtbegin.o
 *(.bss*)
 .bss.TxConfig  0x0000000020000028       0x38 ./Core/Src/main.o
                0x0000000020000028                TxConfig
 .bss.DMARxDscrTab
                0x0000000020000060       0xa0 ./Core/Src/main.o
                0x0000000020000060                DMARxDscrTab
 .bss.DMATxDscrTab
                0x0000000020000100       0xa0 ./Core/Src/main.o
                0x0000000020000100                DMATxDscrTab
 .bss.heth      0x00000000200001a0       0xb0 ./Core/Src/main.o
                0x00000000200001a0                heth
 .bss.huart3    0x0000000020000250       0x44 ./Core/Src/main.o
                0x0000000020000250                huart3
 .bss.hpcd_USB_OTG_FS
                0x0000000020000294      0x50c ./Core/Src/main.o
                0x0000000020000294                hpcd_USB_OTG_FS
 .bss.MACAddr.0
                0x00000000200007a0        0x6 ./Core/Src/main.o
 *fill*         0x00000000200007a6        0x2 
 .bss.uwTick    0x00000000200007a8        0x4 ./Drivers/STM32F4xx_HAL_Driver/Src/stm32f4xx_hal.o
                0x00000000200007a8                uwTick
 *(COMMON)
                0x00000000200007ac                . = ALIGN (0x4)
                0x00000000200007ac                _ebss = .
                0x00000000200007ac                __bss_end__ = _ebss

._user_heap_stack
                0x00000000200007ac      0x604
                0x00000000200007b0                . = ALIGN (0x8)
 *fill*         0x00000000200007ac        0x4 
                [!provide]                        PROVIDE (end = .)
                0x00000000200007b0                PROVIDE (_end = .)
                0x00000000200009b0                . = (. + _Min_Heap_Size)
 *fill*         0x00000000200007b0      0x200 
                0x0000000020000db0                . = (. + _Min_Stack_Size)
 *fill*         0x00000000200009b0      0x400 
                0x0000000020000db0                . = ALIGN (0x8)

/DISCARD/
 libc.a(*)
 libm.a(*)
 libgcc.a(*)

.ARM.attributes
                0x0000000000000000       0x30
 *(.ARM.attributes)
 .ARM.attributes
                0x0000000000000000       0x1e /opt/st/stm32cubeide_1.10.1/plugins/com.st.stm32cube.ide.mcu.externaltools.gnu-tools-for-stm32.10.3-2021.10.linux64_1.0.0.202111181127/tools/bin/../lib/gcc/arm-none-eabi/10.3.1/thumb/v7e-m+fp/hard/crti.o
 .ARM.attributes
                0x000000000000001e       0x34 /opt/st/stm32cubeide_1.10.1/plugins/com.st.stm32cube.ide.mcu.externaltools.gnu-tools-for-stm32.10.3-2021.10.linux64_1.0.0.202111181127/tools/bin/../lib/gcc/arm-none-eabi/10.3.1/thumb/v7e-m+fp/hard/crtbegin.o
 .ARM.attributes
                0x0000000000000052       0x20 ./Core/Src/asm_func.o
 .ARM.attributes
                0x0000000000000072       0x34 ./Core/Src/main.o
 .ARM.attributes
                0x00000000000000a6       0x34 ./Core/Src/stm32f4xx_hal_msp.o
 .ARM.attributes
                0x00000000000000da       0x34 ./Core/Src/stm32f4xx_it.o
 .ARM.attributes
                0x000000000000010e       0x34 ./Core/Src/system_stm32f4xx.o
 .ARM.attributes
                0x0000000000000142       0x21 ./Core/Startup/startup_stm32f429zitx.o
 .ARM.attributes
                0x0000000000000163       0x34 ./Drivers/STM32F4xx_HAL_Driver/Src/stm32f4xx_hal.o
 .ARM.attributes
                0x0000000000000197       0x34 ./Drivers/STM32F4xx_HAL_Driver/Src/stm32f4xx_hal_cortex.o
 .ARM.attributes
                0x00000000000001cb       0x34 ./Drivers/STM32F4xx_HAL_Driver/Src/stm32f4xx_hal_eth.o
 .ARM.attributes
                0x00000000000001ff       0x34 ./Drivers/STM32F4xx_HAL_Driver/Src/stm32f4xx_hal_gpio.o
 .ARM.attributes
                0x0000000000000233       0x34 ./Drivers/STM32F4xx_HAL_Driver/Src/stm32f4xx_hal_pcd.o
 .ARM.attributes
                0x0000000000000267       0x34 ./Drivers/STM32F4xx_HAL_Driver/Src/stm32f4xx_hal_rcc.o
 .ARM.attributes
                0x000000000000029b       0x34 ./Drivers/STM32F4xx_HAL_Driver/Src/stm32f4xx_hal_uart.o
 .ARM.attributes
                0x00000000000002cf       0x34 ./Drivers/STM32F4xx_HAL_Driver/Src/stm32f4xx_ll_usb.o
 .ARM.attributes
                0x0000000000000303       0x34 /opt/st/stm32cubeide_1.10.1/plugins/com.st.stm32cube.ide.mcu.externaltools.gnu-tools-for-stm32.10.3-2021.10.linux64_1.0.0.202111181127/tools/bin/../lib/gcc/arm-none-eabi/10.3.1/../../../../arm-none-eabi/lib/thumb/v7e-m+fp/hard/libc_nano.a(lib_a-init.o)
 .ARM.attributes
                0x0000000000000337       0x34 /opt/st/stm32cubeide_1.10.1/plugins/com.st.stm32cube.ide.mcu.externaltools.gnu-tools-for-stm32.10.3-2021.10.linux64_1.0.0.202111181127/tools/bin/../lib/gcc/arm-none-eabi/10.3.1/../../../../arm-none-eabi/lib/thumb/v7e-m+fp/hard/libc_nano.a(lib_a-memset.o)
 .ARM.attributes
                0x000000000000036b       0x1e /opt/st/stm32cubeide_1.10.1/plugins/com.st.stm32cube.ide.mcu.externaltools.gnu-tools-for-stm32.10.3-2021.10.linux64_1.0.0.202111181127/tools/bin/../lib/gcc/arm-none-eabi/10.3.1/thumb/v7e-m+fp/hard/libgcc.a(_aeabi_uldivmod.o)
 .ARM.attributes
                0x0000000000000389       0x34 /opt/st/stm32cubeide_1.10.1/plugins/com.st.stm32cube.ide.mcu.externaltools.gnu-tools-for-stm32.10.3-2021.10.linux64_1.0.0.202111181127/tools/bin/../lib/gcc/arm-none-eabi/10.3.1/thumb/v7e-m+fp/hard/libgcc.a(_udivmoddi4.o)
 .ARM.attributes
                0x00000000000003bd       0x1e /opt/st/stm32cubeide_1.10.1/plugins/com.st.stm32cube.ide.mcu.externaltools.gnu-tools-for-stm32.10.3-2021.10.linux64_1.0.0.202111181127/tools/bin/../lib/gcc/arm-none-eabi/10.3.1/thumb/v7e-m+fp/hard/libgcc.a(_dvmd_tls.o)
 .ARM.attributes
                0x00000000000003db       0x1e /opt/st/stm32cubeide_1.10.1/plugins/com.st.stm32cube.ide.mcu.externaltools.gnu-tools-for-stm32.10.3-2021.10.linux64_1.0.0.202111181127/tools/bin/../lib/gcc/arm-none-eabi/10.3.1/thumb/v7e-m+fp/hard/crtn.o
OUTPUT(Codigo.elf elf32-littlearm)
LOAD linker stubs
LOAD /opt/st/stm32cubeide_1.10.1/plugins/com.st.stm32cube.ide.mcu.externaltools.gnu-tools-for-stm32.10.3-2021.10.linux64_1.0.0.202111181127/tools/bin/../lib/gcc/arm-none-eabi/10.3.1/../../../../arm-none-eabi/lib/thumb/v7e-m+fp/hard/libc.a
LOAD /opt/st/stm32cubeide_1.10.1/plugins/com.st.stm32cube.ide.mcu.externaltools.gnu-tools-for-stm32.10.3-2021.10.linux64_1.0.0.202111181127/tools/bin/../lib/gcc/arm-none-eabi/10.3.1/../../../../arm-none-eabi/lib/thumb/v7e-m+fp/hard/libm.a
LOAD /opt/st/stm32cubeide_1.10.1/plugins/com.st.stm32cube.ide.mcu.externaltools.gnu-tools-for-stm32.10.3-2021.10.linux64_1.0.0.202111181127/tools/bin/../lib/gcc/arm-none-eabi/10.3.1/thumb/v7e-m+fp/hard/libgcc.a

.debug_line     0x0000000000000000     0xc3c0
 .debug_line    0x0000000000000000       0x8d ./Core/Src/asm_func.o
 .debug_line    0x000000000000008d      0xc0e ./Core/Src/main.o
 .debug_line    0x0000000000000c9b      0x7f4 ./Core/Src/stm32f4xx_hal_msp.o
 .debug_line    0x000000000000148f      0x7a7 ./Core/Src/stm32f4xx_it.o
 .debug_line    0x0000000000001c36      0x746 ./Core/Src/system_stm32f4xx.o
 .debug_line    0x000000000000237c       0x8a ./Core/Startup/startup_stm32f429zitx.o
 .debug_line    0x0000000000002406      0x9e2 ./Drivers/STM32F4xx_HAL_Driver/Src/stm32f4xx_hal.o
 .debug_line    0x0000000000002de8      0xc5b ./Drivers/STM32F4xx_HAL_Driver/Src/stm32f4xx_hal_cortex.o
 .debug_line    0x0000000000003a43     0x1804 ./Drivers/STM32F4xx_HAL_Driver/Src/stm32f4xx_hal_eth.o
 .debug_line    0x0000000000005247      0xb48 ./Drivers/STM32F4xx_HAL_Driver/Src/stm32f4xx_hal_gpio.o
 .debug_line    0x0000000000005d8f     0x144f ./Drivers/STM32F4xx_HAL_Driver/Src/stm32f4xx_hal_pcd.o
 .debug_line    0x00000000000071de      0xd28 ./Drivers/STM32F4xx_HAL_Driver/Src/stm32f4xx_hal_rcc.o
 .debug_line    0x0000000000007f06     0x2a51 ./Drivers/STM32F4xx_HAL_Driver/Src/stm32f4xx_hal_uart.o
 .debug_line    0x000000000000a957     0x1a69 ./Drivers/STM32F4xx_HAL_Driver/Src/stm32f4xx_ll_usb.o

.debug_info     0x0000000000000000     0xee3c
 .debug_info    0x0000000000000000       0x26 ./Core/Src/asm_func.o
 .debug_info    0x0000000000000026     0x20c2 ./Core/Src/main.o
 .debug_info    0x00000000000020e8     0x1840 ./Core/Src/stm32f4xx_hal_msp.o
 .debug_info    0x0000000000003928      0x1b5 ./Core/Src/stm32f4xx_it.o
 .debug_info    0x0000000000003add      0x53f ./Core/Src/system_stm32f4xx.o
 .debug_info    0x000000000000401c       0x22 ./Core/Startup/startup_stm32f429zitx.o
 .debug_info    0x000000000000403e      0x9f4 ./Drivers/STM32F4xx_HAL_Driver/Src/stm32f4xx_hal.o
 .debug_info    0x0000000000004a32      0xe51 ./Drivers/STM32F4xx_HAL_Driver/Src/stm32f4xx_hal_cortex.o
 .debug_info    0x0000000000005883     0x21c9 ./Drivers/STM32F4xx_HAL_Driver/Src/stm32f4xx_hal_eth.o
 .debug_info    0x0000000000007a4c      0x786 ./Drivers/STM32F4xx_HAL_Driver/Src/stm32f4xx_hal_gpio.o
 .debug_info    0x00000000000081d2     0x1695 ./Drivers/STM32F4xx_HAL_Driver/Src/stm32f4xx_hal_pcd.o
 .debug_info    0x0000000000009867      0x982 ./Drivers/STM32F4xx_HAL_Driver/Src/stm32f4xx_hal_rcc.o
 .debug_info    0x000000000000a1e9     0x31bc ./Drivers/STM32F4xx_HAL_Driver/Src/stm32f4xx_hal_uart.o
 .debug_info    0x000000000000d3a5     0x1a97 ./Drivers/STM32F4xx_HAL_Driver/Src/stm32f4xx_ll_usb.o

.debug_abbrev   0x0000000000000000     0x1cf3
 .debug_abbrev  0x0000000000000000       0x14 ./Core/Src/asm_func.o
 .debug_abbrev  0x0000000000000014      0x3a6 ./Core/Src/main.o
 .debug_abbrev  0x00000000000003ba      0x23e ./Core/Src/stm32f4xx_hal_msp.o
 .debug_abbrev  0x00000000000005f8      0x12a ./Core/Src/stm32f4xx_it.o
 .debug_abbrev  0x0000000000000722      0x116 ./Core/Src/system_stm32f4xx.o
 .debug_abbrev  0x0000000000000838       0x12 ./Core/Startup/startup_stm32f429zitx.o
 .debug_abbrev  0x000000000000084a      0x20d ./Drivers/STM32F4xx_HAL_Driver/Src/stm32f4xx_hal.o
 .debug_abbrev  0x0000000000000a57      0x316 ./Drivers/STM32F4xx_HAL_Driver/Src/stm32f4xx_hal_cortex.o
 .debug_abbrev  0x0000000000000d6d      0x2d3 ./Drivers/STM32F4xx_HAL_Driver/Src/stm32f4xx_hal_eth.o
 .debug_abbrev  0x0000000000001040      0x1c4 ./Drivers/STM32F4xx_HAL_Driver/Src/stm32f4xx_hal_gpio.o
 .debug_abbrev  0x0000000000001204      0x2bb ./Drivers/STM32F4xx_HAL_Driver/Src/stm32f4xx_hal_pcd.o
 .debug_abbrev  0x00000000000014bf      0x2aa ./Drivers/STM32F4xx_HAL_Driver/Src/stm32f4xx_hal_rcc.o
 .debug_abbrev  0x0000000000001769      0x2f4 ./Drivers/STM32F4xx_HAL_Driver/Src/stm32f4xx_hal_uart.o
 .debug_abbrev  0x0000000000001a5d      0x296 ./Drivers/STM32F4xx_HAL_Driver/Src/stm32f4xx_ll_usb.o

.debug_aranges  0x0000000000000000      0xb68
 .debug_aranges
                0x0000000000000000       0x20 ./Core/Src/asm_func.o
 .debug_aranges
                0x0000000000000020       0x88 ./Core/Src/main.o
 .debug_aranges
                0x00000000000000a8       0x50 ./Core/Src/stm32f4xx_hal_msp.o
 .debug_aranges
                0x00000000000000f8       0x60 ./Core/Src/stm32f4xx_it.o
 .debug_aranges
                0x0000000000000158       0x28 ./Core/Src/system_stm32f4xx.o
 .debug_aranges
                0x0000000000000180       0x28 ./Core/Startup/startup_stm32f429zitx.o
 .debug_aranges
                0x00000000000001a8      0x100 ./Drivers/STM32F4xx_HAL_Driver/Src/stm32f4xx_hal.o
 .debug_aranges
                0x00000000000002a8      0x118 ./Drivers/STM32F4xx_HAL_Driver/Src/stm32f4xx_hal_cortex.o
 .debug_aranges
                0x00000000000003c0      0x1e0 ./Drivers/STM32F4xx_HAL_Driver/Src/stm32f4xx_hal_eth.o
 .debug_aranges
                0x00000000000005a0       0x58 ./Drivers/STM32F4xx_HAL_Driver/Src/stm32f4xx_hal_gpio.o
 .debug_aranges
                0x00000000000005f8      0x148 ./Drivers/STM32F4xx_HAL_Driver/Src/stm32f4xx_hal_pcd.o
 .debug_aranges
                0x0000000000000740       0x88 ./Drivers/STM32F4xx_HAL_Driver/Src/stm32f4xx_hal_rcc.o
 .debug_aranges
                0x00000000000007c8      0x200 ./Drivers/STM32F4xx_HAL_Driver/Src/stm32f4xx_hal_uart.o
 .debug_aranges
                0x00000000000009c8      0x1a0 ./Drivers/STM32F4xx_HAL_Driver/Src/stm32f4xx_ll_usb.o

.debug_str      0x0000000000000000    0xd9b93
 .debug_str     0x0000000000000000       0x50 ./Core/Src/asm_func.o
 .debug_str     0x0000000000000050    0xd615b ./Core/Src/main.o
                                      0xd651e (size before relaxing)
 .debug_str     0x00000000000d61ab       0xaf ./Core/Src/stm32f4xx_hal_msp.o
                                      0xd326d (size before relaxing)
 .debug_str     0x00000000000d625a       0xc9 ./Core/Src/stm32f4xx_it.o
                                      0xd245e (size before relaxing)
 .debug_str     0x00000000000d6323       0xdb ./Core/Src/system_stm32f4xx.o
                                      0xd209b (size before relaxing)
 .debug_str     0x00000000000d63fe       0x28 ./Core/Startup/startup_stm32f429zitx.o
                                         0x61 (size before relaxing)
 .debug_str     0x00000000000d6426      0xbb0 ./Drivers/STM32F4xx_HAL_Driver/Src/stm32f4xx_hal.o
                                      0xd2cbe (size before relaxing)
 .debug_str     0x00000000000d6fd6      0x33e ./Drivers/STM32F4xx_HAL_Driver/Src/stm32f4xx_hal_cortex.o
                                      0xd29a3 (size before relaxing)
 .debug_str     0x00000000000d7314     0x1306 ./Drivers/STM32F4xx_HAL_Driver/Src/stm32f4xx_hal_eth.o
                                      0xd3a44 (size before relaxing)
 .debug_str     0x00000000000d861a       0xe1 ./Drivers/STM32F4xx_HAL_Driver/Src/stm32f4xx_hal_gpio.o
                                      0xd2216 (size before relaxing)
 .debug_str     0x00000000000d86fb      0x7fd ./Drivers/STM32F4xx_HAL_Driver/Src/stm32f4xx_hal_pcd.o
                                      0xd2b4a (size before relaxing)
 .debug_str     0x00000000000d8ef8      0x21f ./Drivers/STM32F4xx_HAL_Driver/Src/stm32f4xx_hal_rcc.o
                                      0xd24cf (size before relaxing)
 .debug_str     0x00000000000d9117      0x63d ./Drivers/STM32F4xx_HAL_Driver/Src/stm32f4xx_hal_uart.o
                                      0xd2a5b (size before relaxing)
 .debug_str     0x00000000000d9754      0x43f ./Drivers/STM32F4xx_HAL_Driver/Src/stm32f4xx_ll_usb.o
                                      0xd29b2 (size before relaxing)

.debug_ranges   0x0000000000000000      0xab0
 .debug_ranges  0x0000000000000000       0x78 ./Core/Src/main.o
 .debug_ranges  0x0000000000000078       0x40 ./Core/Src/stm32f4xx_hal_msp.o
 .debug_ranges  0x00000000000000b8       0x50 ./Core/Src/stm32f4xx_it.o
 .debug_ranges  0x0000000000000108       0x18 ./Core/Src/system_stm32f4xx.o
 .debug_ranges  0x0000000000000120       0x20 ./Core/Startup/startup_stm32f429zitx.o
 .debug_ranges  0x0000000000000140       0xf0 ./Drivers/STM32F4xx_HAL_Driver/Src/stm32f4xx_hal.o
 .debug_ranges  0x0000000000000230      0x108 ./Drivers/STM32F4xx_HAL_Driver/Src/stm32f4xx_hal_cortex.o
 .debug_ranges  0x0000000000000338      0x1d0 ./Drivers/STM32F4xx_HAL_Driver/Src/stm32f4xx_hal_eth.o
 .debug_ranges  0x0000000000000508       0x48 ./Drivers/STM32F4xx_HAL_Driver/Src/stm32f4xx_hal_gpio.o
 .debug_ranges  0x0000000000000550      0x138 ./Drivers/STM32F4xx_HAL_Driver/Src/stm32f4xx_hal_pcd.o
 .debug_ranges  0x0000000000000688       0x78 ./Drivers/STM32F4xx_HAL_Driver/Src/stm32f4xx_hal_rcc.o
 .debug_ranges  0x0000000000000700      0x220 ./Drivers/STM32F4xx_HAL_Driver/Src/stm32f4xx_hal_uart.o
 .debug_ranges  0x0000000000000920      0x190 ./Drivers/STM32F4xx_HAL_Driver/Src/stm32f4xx_ll_usb.o

.debug_macro    0x0000000000000000    0x23b3d
 .debug_macro   0x0000000000000000      0x2c9 ./Core/Src/main.o
 .debug_macro   0x00000000000002c9      0xa78 ./Core/Src/main.o
 .debug_macro   0x0000000000000d41      0x2af ./Core/Src/main.o
 .debug_macro   0x0000000000000ff0       0x2e ./Core/Src/main.o
 .debug_macro   0x000000000000101e       0x28 ./Core/Src/main.o
 .debug_macro   0x0000000000001046       0x22 ./Core/Src/main.o
 .debug_macro   0x0000000000001068       0x8e ./Core/Src/main.o
 .debug_macro   0x00000000000010f6       0x51 ./Core/Src/main.o
 .debug_macro   0x0000000000001147      0x103 ./Core/Src/main.o
 .debug_macro   0x000000000000124a       0x6a ./Core/Src/main.o
 .debug_macro   0x00000000000012b4      0x1df ./Core/Src/main.o
 .debug_macro   0x0000000000001493       0x1c ./Core/Src/main.o
 .debug_macro   0x00000000000014af       0x22 ./Core/Src/main.o
 .debug_macro   0x00000000000014d1       0xd9 ./Core/Src/main.o
 .debug_macro   0x00000000000015aa     0x102d ./Core/Src/main.o
 .debug_macro   0x00000000000025d7      0x11f ./Core/Src/main.o
 .debug_macro   0x00000000000026f6    0x17fc0 ./Core/Src/main.o
 .debug_macro   0x000000000001a6b6       0x6d ./Core/Src/main.o
 .debug_macro   0x000000000001a723     0x36f5 ./Core/Src/main.o
 .debug_macro   0x000000000001de18      0x174 ./Core/Src/main.o
 .debug_macro   0x000000000001df8c       0x5c ./Core/Src/main.o
 .debug_macro   0x000000000001dfe8      0xca5 ./Core/Src/main.o
 .debug_macro   0x000000000001ec8d      0x9fe ./Core/Src/main.o
 .debug_macro   0x000000000001f68b      0x115 ./Core/Src/main.o
 .debug_macro   0x000000000001f7a0      0x156 ./Core/Src/main.o
 .debug_macro   0x000000000001f8f6       0xa5 ./Core/Src/main.o
 .debug_macro   0x000000000001f99b      0x182 ./Core/Src/main.o
 .debug_macro   0x000000000001fb1d      0x287 ./Core/Src/main.o
 .debug_macro   0x000000000001fda4       0x5f ./Core/Src/main.o
 .debug_macro   0x000000000001fe03      0x236 ./Core/Src/main.o
 .debug_macro   0x0000000000020039      0xd44 ./Core/Src/main.o
 .debug_macro   0x0000000000020d7d      0x132 ./Core/Src/main.o
 .debug_macro   0x0000000000020eaf      0x41d ./Core/Src/main.o
 .debug_macro   0x00000000000212cc       0x2e ./Core/Src/main.o
 .debug_macro   0x00000000000212fa      0x11a ./Core/Src/main.o
 .debug_macro   0x0000000000021414       0xe2 ./Core/Src/main.o
 .debug_macro   0x00000000000214f6       0x89 ./Core/Src/main.o
 .debug_macro   0x000000000002157f      0x295 ./Core/Src/main.o
 .debug_macro   0x0000000000021814      0x248 ./Core/Src/main.o
 .debug_macro   0x0000000000021a5c       0xba ./Core/Src/main.o
 .debug_macro   0x0000000000021b16      0x134 ./Core/Src/main.o
 .debug_macro   0x0000000000021c4a      0x130 ./Core/Src/main.o
 .debug_macro   0x0000000000021d7a       0x52 ./Core/Src/main.o
 .debug_macro   0x0000000000021dcc       0x1e ./Core/Src/main.o
 .debug_macro   0x0000000000021dea       0x3c ./Core/Src/main.o
 .debug_macro   0x0000000000021e26       0x34 ./Core/Src/main.o
 .debug_macro   0x0000000000021e5a       0x16 ./Core/Src/main.o
 .debug_macro   0x0000000000021e70       0x43 ./Core/Src/main.o
 .debug_macro   0x0000000000021eb3       0x34 ./Core/Src/main.o
 .debug_macro   0x0000000000021ee7       0x10 ./Core/Src/main.o
 .debug_macro   0x0000000000021ef7       0x58 ./Core/Src/main.o
 .debug_macro   0x0000000000021f4f       0x71 ./Core/Src/main.o
 .debug_macro   0x0000000000021fc0       0x1c ./Core/Src/main.o
 .debug_macro   0x0000000000021fdc      0x12a ./Core/Src/main.o
 .debug_macro   0x0000000000022106      0x341 ./Core/Src/main.o
 .debug_macro   0x0000000000022447       0x10 ./Core/Src/main.o
 .debug_macro   0x0000000000022457       0x35 ./Core/Src/main.o
 .debug_macro   0x000000000002248c       0x20 ./Core/Src/main.o
 .debug_macro   0x00000000000224ac      0x1f7 ./Core/Src/stm32f4xx_hal_msp.o
 .debug_macro   0x00000000000226a3      0x201 ./Core/Src/stm32f4xx_it.o
 .debug_macro   0x00000000000228a4      0x1e8 ./Core/Src/system_stm32f4xx.o
 .debug_macro   0x0000000000022a8c      0x248 ./Drivers/STM32F4xx_HAL_Driver/Src/stm32f4xx_hal.o
 .debug_macro   0x0000000000022cd4      0x1e8 ./Drivers/STM32F4xx_HAL_Driver/Src/stm32f4xx_hal_cortex.o
 .debug_macro   0x0000000000022ebc      0x2c2 ./Drivers/STM32F4xx_HAL_Driver/Src/stm32f4xx_hal_eth.o
 .debug_macro   0x000000000002317e      0x1ee ./Drivers/STM32F4xx_HAL_Driver/Src/stm32f4xx_hal_gpio.o
 .debug_macro   0x000000000002336c      0x1f4 ./Drivers/STM32F4xx_HAL_Driver/Src/stm32f4xx_hal_pcd.o
 .debug_macro   0x0000000000023560      0x20c ./Drivers/STM32F4xx_HAL_Driver/Src/stm32f4xx_hal_rcc.o
 .debug_macro   0x000000000002376c      0x1e9 ./Drivers/STM32F4xx_HAL_Driver/Src/stm32f4xx_hal_uart.o
 .debug_macro   0x0000000000023955      0x1e8 ./Drivers/STM32F4xx_HAL_Driver/Src/stm32f4xx_ll_usb.o

.comment        0x0000000000000000       0x50
 .comment       0x0000000000000000       0x50 ./Core/Src/main.o
                                         0x51 (size before relaxing)
 .comment       0x0000000000000050       0x51 ./Core/Src/stm32f4xx_hal_msp.o
 .comment       0x0000000000000050       0x51 ./Core/Src/stm32f4xx_it.o
 .comment       0x0000000000000050       0x51 ./Core/Src/system_stm32f4xx.o
 .comment       0x0000000000000050       0x51 ./Drivers/STM32F4xx_HAL_Driver/Src/stm32f4xx_hal.o
 .comment       0x0000000000000050       0x51 ./Drivers/STM32F4xx_HAL_Driver/Src/stm32f4xx_hal_cortex.o
 .comment       0x0000000000000050       0x51 ./Drivers/STM32F4xx_HAL_Driver/Src/stm32f4xx_hal_eth.o
 .comment       0x0000000000000050       0x51 ./Drivers/STM32F4xx_HAL_Driver/Src/stm32f4xx_hal_gpio.o
 .comment       0x0000000000000050       0x51 ./Drivers/STM32F4xx_HAL_Driver/Src/stm32f4xx_hal_pcd.o
 .comment       0x0000000000000050       0x51 ./Drivers/STM32F4xx_HAL_Driver/Src/stm32f4xx_hal_rcc.o
 .comment       0x0000000000000050       0x51 ./Drivers/STM32F4xx_HAL_Driver/Src/stm32f4xx_hal_uart.o
 .comment       0x0000000000000050       0x51 ./Drivers/STM32F4xx_HAL_Driver/Src/stm32f4xx_ll_usb.o

.debug_frame    0x0000000000000000     0x2ff8
 .debug_frame   0x0000000000000000      0x1fc ./Core/Src/main.o
 .debug_frame   0x00000000000001fc      0x110 ./Core/Src/stm32f4xx_hal_msp.o
 .debug_frame   0x000000000000030c      0x10c ./Core/Src/stm32f4xx_it.o
 .debug_frame   0x0000000000000418       0x58 ./Core/Src/system_stm32f4xx.o
 .debug_frame   0x0000000000000470      0x3b4 ./Drivers/STM32F4xx_HAL_Driver/Src/stm32f4xx_hal.o
 .debug_frame   0x0000000000000824      0x498 ./Drivers/STM32F4xx_HAL_Driver/Src/stm32f4xx_hal_cortex.o
 .debug_frame   0x0000000000000cbc      0x8a8 ./Drivers/STM32F4xx_HAL_Driver/Src/stm32f4xx_hal_eth.o
 .debug_frame   0x0000000000001564      0x14c ./Drivers/STM32F4xx_HAL_Driver/Src/stm32f4xx_hal_gpio.o
 .debug_frame   0x00000000000016b0      0x5bc ./Drivers/STM32F4xx_HAL_Driver/Src/stm32f4xx_hal_pcd.o
 .debug_frame   0x0000000000001c6c      0x1f4 ./Drivers/STM32F4xx_HAL_Driver/Src/stm32f4xx_hal_rcc.o
 .debug_frame   0x0000000000001e60      0x92c ./Drivers/STM32F4xx_HAL_Driver/Src/stm32f4xx_hal_uart.o
 .debug_frame   0x000000000000278c      0x7c0 ./Drivers/STM32F4xx_HAL_Driver/Src/stm32f4xx_ll_usb.o
 .debug_frame   0x0000000000002f4c       0x2c /opt/st/stm32cubeide_1.10.1/plugins/com.st.stm32cube.ide.mcu.externaltools.gnu-tools-for-stm32.10.3-2021.10.linux64_1.0.0.202111181127/tools/bin/../lib/gcc/arm-none-eabi/10.3.1/../../../../arm-none-eabi/lib/thumb/v7e-m+fp/hard/libc_nano.a(lib_a-init.o)
 .debug_frame   0x0000000000002f78       0x20 /opt/st/stm32cubeide_1.10.1/plugins/com.st.stm32cube.ide.mcu.externaltools.gnu-tools-for-stm32.10.3-2021.10.linux64_1.0.0.202111181127/tools/bin/../lib/gcc/arm-none-eabi/10.3.1/../../../../arm-none-eabi/lib/thumb/v7e-m+fp/hard/libc_nano.a(lib_a-memset.o)
 .debug_frame   0x0000000000002f98       0x2c /opt/st/stm32cubeide_1.10.1/plugins/com.st.stm32cube.ide.mcu.externaltools.gnu-tools-for-stm32.10.3-2021.10.linux64_1.0.0.202111181127/tools/bin/../lib/gcc/arm-none-eabi/10.3.1/thumb/v7e-m+fp/hard/libgcc.a(_aeabi_uldivmod.o)
 .debug_frame   0x0000000000002fc4       0x34 /opt/st/stm32cubeide_1.10.1/plugins/com.st.stm32cube.ide.mcu.externaltools.gnu-tools-for-stm32.10.3-2021.10.linux64_1.0.0.202111181127/tools/bin/../lib/gcc/arm-none-eabi/10.3.1/thumb/v7e-m+fp/hard/libgcc.a(_udivmoddi4.o)
