../Core/Src/main.c:81:13:PrivilegiosSVC	40	static,ignoring_inline_asm
../Core/Src/main.c:141:5:main	16664	static
../Core/Src/main.c:229:6:SystemClock_Config	88	static
../Core/Src/main.c:275:13:MX_ETH_Init	8	static
../Core/Src/main.c:324:13:MX_USART3_UART_Init	8	static
../Core/Src/main.c:357:13:MX_USB_OTG_FS_PCD_Init	8	static
../Core/Src/main.c:392:13:MX_GPIO_Init	56	static
../Core/Src/main.c:446:6:Error_Handler	4	static,ignoring_inline_asm
../Core/Src/main.c:461:6:zeros	24	static
../Core/Src/main.c:478:6:productoEscalar32	32	static
../Core/Src/main.c:495:6:productoEscalar16	32	static
../Core/Src/main.c:513:6:productoEscalar12	32	static
../Core/Src/main.c:537:6:filtroVentana10	40	static
../Core/Src/main.c:569:6:pack32to16	32	static
../Core/Src/main.c:584:10:max	32	static
../Core/Src/main.c:611:6:downsampleM	40	static
../Core/Src/main.c:636:6:invertir	24	static
../Core/Src/main.c:657:6:eco	32	static
