../Core/Src/main.c:81:5:__io_putchar	16	static
../Core/Src/main.c:87:13:PrivilegiosSVC	40	static,ignoring_inline_asm
../Core/Src/main.c:147:5:main	16688	static
../Core/Src/main.c:258:6:SystemClock_Config	88	static
../Core/Src/main.c:304:13:MX_ETH_Init	8	static
../Core/Src/main.c:353:13:MX_USART3_UART_Init	8	static
../Core/Src/main.c:386:13:MX_USB_OTG_FS_PCD_Init	8	static
../Core/Src/main.c:421:13:MX_GPIO_Init	56	static
../Core/Src/main.c:475:6:Error_Handler	4	static,ignoring_inline_asm
../Core/Src/main.c:490:6:zeros	24	static
../Core/Src/main.c:507:6:productoEscalar32	32	static
../Core/Src/main.c:524:6:productoEscalar16	32	static
../Core/Src/main.c:542:6:productoEscalar12	32	static
../Core/Src/main.c:566:6:filtroVentana10	40	static
../Core/Src/main.c:598:6:pack32to16	32	static
../Core/Src/main.c:613:10:max	32	static
../Core/Src/main.c:640:6:downsampleM	40	static
../Core/Src/main.c:665:6:invertir	24	static
../Core/Src/main.c:686:6:eco	32	static
